stm32f4xx_hal_i2c.c:408:19:HAL_I2C_Init	24	static
stm32f4xx_hal_i2c.c:523:19:HAL_I2C_DeInit	16	static
stm32f4xx_hal_i2c.c:569:13:HAL_I2C_MspInit	16	static
stm32f4xx_hal_i2c.c:585:13:HAL_I2C_MspDeInit	16	static
stm32f4xx_hal_i2c.c:999:19:HAL_I2C_Master_Transmit	40	static
stm32f4xx_hal_i2c.c:1120:19:HAL_I2C_Master_Receive	56	static
stm32f4xx_hal_i2c.c:1364:19:HAL_I2C_Slave_Transmit	48	static
stm32f4xx_hal_i2c.c:1494:19:HAL_I2C_Slave_Receive	48	static
stm32f4xx_hal_i2c.c:1615:19:HAL_I2C_Master_Transmit_IT	32	static
stm32f4xx_hal_i2c.c:1695:19:HAL_I2C_Master_Receive_IT	32	static
stm32f4xx_hal_i2c.c:1777:19:HAL_I2C_Slave_Transmit_IT	24	static
stm32f4xx_hal_i2c.c:1839:19:HAL_I2C_Slave_Receive_IT	24	static
stm32f4xx_hal_i2c.c:1903:19:HAL_I2C_Master_Transmit_DMA	32	static
stm32f4xx_hal_i2c.c:2061:19:HAL_I2C_Master_Receive_DMA	32	static
stm32f4xx_hal_i2c.c:2217:19:HAL_I2C_Slave_Transmit_DMA	32	static
stm32f4xx_hal_i2c.c:2331:19:HAL_I2C_Slave_Receive_DMA	32	static
stm32f4xx_hal_i2c.c:2450:19:HAL_I2C_Mem_Write	40	static
stm32f4xx_hal_i2c.c:2573:19:HAL_I2C_Mem_Read	56	static
stm32f4xx_hal_i2c.c:2820:19:HAL_I2C_Mem_Write_IT	32	static
stm32f4xx_hal_i2c.c:2908:19:HAL_I2C_Mem_Read_IT	32	static
stm32f4xx_hal_i2c.c:3002:19:HAL_I2C_Mem_Write_DMA	48	static
stm32f4xx_hal_i2c.c:3183:19:HAL_I2C_Mem_Read_DMA	56	static
stm32f4xx_hal_i2c.c:3378:19:HAL_I2C_IsDeviceReady	48	static
stm32f4xx_hal_i2c.c:3514:19:HAL_I2C_Master_Seq_Transmit_IT	32	static
stm32f4xx_hal_i2c.c:3612:19:HAL_I2C_Master_Seq_Transmit_DMA	40	static
stm32f4xx_hal_i2c.c:3795:19:HAL_I2C_Master_Seq_Receive_IT	40	static
stm32f4xx_hal_i2c.c:3919:19:HAL_I2C_Master_Seq_Receive_DMA	40	static
stm32f4xx_hal_i2c.c:4137:19:HAL_I2C_Slave_Seq_Transmit_IT	32	static
stm32f4xx_hal_i2c.c:4203:19:HAL_I2C_Slave_Seq_Transmit_DMA	32	static
stm32f4xx_hal_i2c.c:4377:19:HAL_I2C_Slave_Seq_Receive_IT	32	static
stm32f4xx_hal_i2c.c:4443:19:HAL_I2C_Slave_Seq_Receive_DMA	32	static
stm32f4xx_hal_i2c.c:4613:19:HAL_I2C_EnableListen_IT	16	static
stm32f4xx_hal_i2c.c:4646:19:HAL_I2C_DisableListen_IT	24	static
stm32f4xx_hal_i2c.c:4681:19:HAL_I2C_Master_Abort_IT	24	static
stm32f4xx_hal_i2c.c:4740:6:HAL_I2C_EV_IRQHandler	40	static
stm32f4xx_hal_i2c.c:4906:6:HAL_I2C_ER_IRQHandler	48	static
stm32f4xx_hal_i2c.c:4986:13:HAL_I2C_MasterTxCpltCallback	16	static
stm32f4xx_hal_i2c.c:5002:13:HAL_I2C_MasterRxCpltCallback	16	static
stm32f4xx_hal_i2c.c:5017:13:HAL_I2C_SlaveTxCpltCallback	16	static
stm32f4xx_hal_i2c.c:5033:13:HAL_I2C_SlaveRxCpltCallback	16	static
stm32f4xx_hal_i2c.c:5051:13:HAL_I2C_AddrCallback	16	static
stm32f4xx_hal_i2c.c:5069:13:HAL_I2C_ListenCpltCallback	16	static
stm32f4xx_hal_i2c.c:5085:13:HAL_I2C_MemTxCpltCallback	16	static
stm32f4xx_hal_i2c.c:5101:13:HAL_I2C_MemRxCpltCallback	16	static
stm32f4xx_hal_i2c.c:5117:13:HAL_I2C_ErrorCallback	16	static
stm32f4xx_hal_i2c.c:5133:13:HAL_I2C_AbortCpltCallback	16	static
stm32f4xx_hal_i2c.c:5167:22:HAL_I2C_GetState	16	static
stm32f4xx_hal_i2c.c:5179:21:HAL_I2C_GetMode	16	static
stm32f4xx_hal_i2c.c:5190:10:HAL_I2C_GetError	16	static
stm32f4xx_hal_i2c.c:5213:13:I2C_MasterTransmit_TXE	24	static
stm32f4xx_hal_i2c.c:5307:13:I2C_MasterTransmit_BTF	24	static
stm32f4xx_hal_i2c.c:5374:13:I2C_MemoryTransmit_TXE_BTF	24	static
stm32f4xx_hal_i2c.c:5458:13:I2C_MasterReceive_RXNE	24	static
stm32f4xx_hal_i2c.c:5566:13:I2C_MasterReceive_BTF	24	static
stm32f4xx_hal_i2c.c:5692:13:I2C_Master_SB	16	static
stm32f4xx_hal_i2c.c:5753:13:I2C_Master_ADD10	16	static
stm32f4xx_hal_i2c.c:5772:13:I2C_Master_ADDR	72	static
stm32f4xx_hal_i2c.c:5917:13:I2C_SlaveTransmit_TXE	24	static
stm32f4xx_hal_i2c.c:5958:13:I2C_SlaveTransmit_BTF	16	static
stm32f4xx_hal_i2c.c:5979:13:I2C_SlaveReceive_RXNE	24	static
stm32f4xx_hal_i2c.c:6020:13:I2C_SlaveReceive_BTF	16	static
stm32f4xx_hal_i2c.c:6042:13:I2C_Slave_ADDR	24	static
stm32f4xx_hal_i2c.c:6093:13:I2C_Slave_STOPF	24	static
stm32f4xx_hal_i2c.c:6262:13:I2C_Slave_AF	24	static
stm32f4xx_hal_i2c.c:6328:13:I2C_ITError	24	static
stm32f4xx_hal_i2c.c:6494:26:I2C_MasterRequestWrite	40	static
stm32f4xx_hal_i2c.c:6564:26:I2C_MasterRequestRead	40	static
stm32f4xx_hal_i2c.c:6664:26:I2C_RequestMemoryWrite	40	static
stm32f4xx_hal_i2c.c:6744:26:I2C_RequestMemoryRead	40	static
stm32f4xx_hal_i2c.c:6853:13:I2C_DMAXferCplt	32	static
stm32f4xx_hal_i2c.c:6991:13:I2C_DMAError	24	static
stm32f4xx_hal_i2c.c:7032:13:I2C_DMAAbort	32	static
stm32f4xx_hal_i2c.c:7135:26:I2C_WaitOnFlagUntilTimeout	24	static
stm32f4xx_hal_i2c.c:7169:26:I2C_WaitOnMasterAddressFlagUntilTimeout	24	static
stm32f4xx_hal_i2c.c:7220:26:I2C_WaitOnTXEFlagUntilTimeout	24	static
stm32f4xx_hal_i2c.c:7258:26:I2C_WaitOnBTFFlagUntilTimeout	24	static
stm32f4xx_hal_i2c.c:7296:26:I2C_WaitOnSTOPFlagUntilTimeout	24	static
stm32f4xx_hal_i2c.c:7329:26:I2C_WaitOnSTOPRequestThroughIT	24	static
stm32f4xx_hal_i2c.c:7358:26:I2C_WaitOnRXNEFlagUntilTimeout	24	static
stm32f4xx_hal_i2c.c:7403:26:I2C_IsAcknowledgeFailed	16	static
stm32f4xx_hal_i2c.c:7428:13:I2C_ConvertOtherXferOptions	16	static
