Archive member included to satisfy reference by file (symbol)

c:/st/stm32cubeide_1.4.0/stm32cubeide/plugins/com.st.stm32cube.ide.mcu.externaltools.gnu-tools-for-stm32.7-2018-q2-update.win32_1.4.0.202007081208/tools/bin/../lib/gcc/arm-none-eabi/7.3.1/../../../../arm-none-eabi/lib/thumb/v7e-m/fpv4-sp/hard\libc_nano.a(lib_a-errno.o)
                              Core/Src/syscalls.o (__errno)
c:/st/stm32cubeide_1.4.0/stm32cubeide/plugins/com.st.stm32cube.ide.mcu.externaltools.gnu-tools-for-stm32.7-2018-q2-update.win32_1.4.0.202007081208/tools/bin/../lib/gcc/arm-none-eabi/7.3.1/../../../../arm-none-eabi/lib/thumb/v7e-m/fpv4-sp/hard\libc_nano.a(lib_a-exit.o)
                              c:/st/stm32cubeide_1.4.0/stm32cubeide/plugins/com.st.stm32cube.ide.mcu.externaltools.gnu-tools-for-stm32.7-2018-q2-update.win32_1.4.0.202007081208/tools/bin/../lib/gcc/arm-none-eabi/7.3.1/../../../../arm-none-eabi/lib/thumb/v7e-m/fpv4-sp/hard/crt0.o (exit)
c:/st/stm32cubeide_1.4.0/stm32cubeide/plugins/com.st.stm32cube.ide.mcu.externaltools.gnu-tools-for-stm32.7-2018-q2-update.win32_1.4.0.202007081208/tools/bin/../lib/gcc/arm-none-eabi/7.3.1/../../../../arm-none-eabi/lib/thumb/v7e-m/fpv4-sp/hard\libc_nano.a(lib_a-impure.o)
                              c:/st/stm32cubeide_1.4.0/stm32cubeide/plugins/com.st.stm32cube.ide.mcu.externaltools.gnu-tools-for-stm32.7-2018-q2-update.win32_1.4.0.202007081208/tools/bin/../lib/gcc/arm-none-eabi/7.3.1/../../../../arm-none-eabi/lib/thumb/v7e-m/fpv4-sp/hard\libc_nano.a(lib_a-exit.o) (_global_impure_ptr)
c:/st/stm32cubeide_1.4.0/stm32cubeide/plugins/com.st.stm32cube.ide.mcu.externaltools.gnu-tools-for-stm32.7-2018-q2-update.win32_1.4.0.202007081208/tools/bin/../lib/gcc/arm-none-eabi/7.3.1/../../../../arm-none-eabi/lib/thumb/v7e-m/fpv4-sp/hard\libc_nano.a(lib_a-init.o)
                              c:/st/stm32cubeide_1.4.0/stm32cubeide/plugins/com.st.stm32cube.ide.mcu.externaltools.gnu-tools-for-stm32.7-2018-q2-update.win32_1.4.0.202007081208/tools/bin/../lib/gcc/arm-none-eabi/7.3.1/../../../../arm-none-eabi/lib/thumb/v7e-m/fpv4-sp/hard/crt0.o (__libc_init_array)
c:/st/stm32cubeide_1.4.0/stm32cubeide/plugins/com.st.stm32cube.ide.mcu.externaltools.gnu-tools-for-stm32.7-2018-q2-update.win32_1.4.0.202007081208/tools/bin/../lib/gcc/arm-none-eabi/7.3.1/../../../../arm-none-eabi/lib/thumb/v7e-m/fpv4-sp/hard\libc_nano.a(lib_a-memcpy-stub.o)
                              Middlewares/Third_Party/FreeRTOS/Source/queue.o (memcpy)
c:/st/stm32cubeide_1.4.0/stm32cubeide/plugins/com.st.stm32cube.ide.mcu.externaltools.gnu-tools-for-stm32.7-2018-q2-update.win32_1.4.0.202007081208/tools/bin/../lib/gcc/arm-none-eabi/7.3.1/../../../../arm-none-eabi/lib/thumb/v7e-m/fpv4-sp/hard\libc_nano.a(lib_a-memset.o)
                              c:/st/stm32cubeide_1.4.0/stm32cubeide/plugins/com.st.stm32cube.ide.mcu.externaltools.gnu-tools-for-stm32.7-2018-q2-update.win32_1.4.0.202007081208/tools/bin/../lib/gcc/arm-none-eabi/7.3.1/../../../../arm-none-eabi/lib/thumb/v7e-m/fpv4-sp/hard/crt0.o (memset)
c:/st/stm32cubeide_1.4.0/stm32cubeide/plugins/com.st.stm32cube.ide.mcu.externaltools.gnu-tools-for-stm32.7-2018-q2-update.win32_1.4.0.202007081208/tools/bin/../lib/gcc/arm-none-eabi/7.3.1/thumb/v7e-m/fpv4-sp/hard\libgcc.a(_aeabi_ldivmod.o)
                              Drivers/STM32F4xx_HAL_Driver/Src/stm32f4xx_hal_rcc.o (__aeabi_ldivmod)
c:/st/stm32cubeide_1.4.0/stm32cubeide/plugins/com.st.stm32cube.ide.mcu.externaltools.gnu-tools-for-stm32.7-2018-q2-update.win32_1.4.0.202007081208/tools/bin/../lib/gcc/arm-none-eabi/7.3.1/thumb/v7e-m/fpv4-sp/hard\libgcc.a(_aeabi_uldivmod.o)
                              Drivers/STM32F4xx_HAL_Driver/Src/stm32f4xx_hal_rcc.o (__aeabi_uldivmod)
c:/st/stm32cubeide_1.4.0/stm32cubeide/plugins/com.st.stm32cube.ide.mcu.externaltools.gnu-tools-for-stm32.7-2018-q2-update.win32_1.4.0.202007081208/tools/bin/../lib/gcc/arm-none-eabi/7.3.1/thumb/v7e-m/fpv4-sp/hard\libgcc.a(_udivmoddi4.o)
                              c:/st/stm32cubeide_1.4.0/stm32cubeide/plugins/com.st.stm32cube.ide.mcu.externaltools.gnu-tools-for-stm32.7-2018-q2-update.win32_1.4.0.202007081208/tools/bin/../lib/gcc/arm-none-eabi/7.3.1/thumb/v7e-m/fpv4-sp/hard\libgcc.a(_aeabi_ldivmod.o) (__udivmoddi4)
c:/st/stm32cubeide_1.4.0/stm32cubeide/plugins/com.st.stm32cube.ide.mcu.externaltools.gnu-tools-for-stm32.7-2018-q2-update.win32_1.4.0.202007081208/tools/bin/../lib/gcc/arm-none-eabi/7.3.1/thumb/v7e-m/fpv4-sp/hard\libgcc.a(_dvmd_tls.o)
                              c:/st/stm32cubeide_1.4.0/stm32cubeide/plugins/com.st.stm32cube.ide.mcu.externaltools.gnu-tools-for-stm32.7-2018-q2-update.win32_1.4.0.202007081208/tools/bin/../lib/gcc/arm-none-eabi/7.3.1/thumb/v7e-m/fpv4-sp/hard\libgcc.a(_aeabi_ldivmod.o) (__aeabi_ldiv0)

Allocating common symbols
Common symbol       size              file

errorMessage        0x2               Core/Inc/UART.o
uwTick              0x4               Drivers/STM32F4xx_HAL_Driver/Src/stm32f4xx_hal.o
[...]
Memory Configuration

Name             Origin             Length             Attributes
RAM              0x0000000020000000 0x0000000000050000 xrw
FLASH            0x0000000008000000 0x0000000000180000 xr
*default*        0x0000000000000000 0xffffffffffffffff

Linker script and memory map

LOAD c:/st/stm32cubeide_1.4.0/stm32cubeide/plugins/com.st.stm32cube.ide.mcu.externaltools.gnu-tools-for-stm32.7-2018-q2-update.win32_1.4.0.202007081208/tools/bin/../lib/gcc/arm-none-eabi/7.3.1/thumb/v7e-m/fpv4-sp/hard/crti.o
LOAD c:/st/stm32cubeide_1.4.0/stm32cubeide/plugins/com.st.stm32cube.ide.mcu.externaltools.gnu-tools-for-stm32.7-2018-q2-update.win32_1.4.0.202007081208/tools/bin/../lib/gcc/arm-none-eabi/7.3.1/thumb/v7e-m/fpv4-sp/hard/crtbegin.o
LOAD c:/st/stm32cubeide_1.4.0/stm32cubeide/plugins/com.st.stm32cube.ide.mcu.externaltools.gnu-tools-for-stm32.7-2018-q2-update.win32_1.4.0.202007081208/tools/bin/../lib/gcc/arm-none-eabi/7.3.1/../../../../arm-none-eabi/lib/thumb/v7e-m/fpv4-sp/hard/crt0.o
LOAD Core/Inc/UART.o
LOAD Core/Src/errorHandling.o
LOAD Core/Src/freertos.o
LOAD Core/Src/main.o
LOAD Core/Src/rtos.o
LOAD Core/Src/stm32f4xx_hal_msp.o
LOAD Core/Src/stm32f4xx_hal_timebase_tim.o
LOAD Core/Src/stm32f4xx_it.o
LOAD Core/Src/syscalls.o
LOAD Core/Src/sysmem.o
LOAD Core/Src/system_stm32f4xx.o
LOAD Core/Startup/startup_stm32f413zhtx.o
LOAD Drivers/STM32F4xx_HAL_Driver/Src/stm32f4xx_hal.o
LOAD Drivers/STM32F4xx_HAL_Driver/Src/stm32f4xx_hal_cortex.o
LOAD Drivers/STM32F4xx_HAL_Driver/Src/stm32f4xx_hal_dma.o
LOAD Drivers/STM32F4xx_HAL_Driver/Src/stm32f4xx_hal_dma_ex.o
LOAD Drivers/STM32F4xx_HAL_Driver/Src/stm32f4xx_hal_exti.o
LOAD Drivers/STM32F4xx_HAL_Driver/Src/stm32f4xx_hal_flash.o
LOAD Drivers/STM32F4xx_HAL_Driver/Src/stm32f4xx_hal_flash_ex.o
LOAD Drivers/STM32F4xx_HAL_Driver/Src/stm32f4xx_hal_flash_ramfunc.o
LOAD Drivers/STM32F4xx_HAL_Driver/Src/stm32f4xx_hal_gpio.o
LOAD Drivers/STM32F4xx_HAL_Driver/Src/stm32f4xx_hal_pwr.o
LOAD Drivers/STM32F4xx_HAL_Driver/Src/stm32f4xx_hal_pwr_ex.o
LOAD Drivers/STM32F4xx_HAL_Driver/Src/stm32f4xx_hal_rcc.o
LOAD Drivers/STM32F4xx_HAL_Driver/Src/stm32f4xx_hal_rcc_ex.o
LOAD Drivers/STM32F4xx_HAL_Driver/Src/stm32f4xx_hal_tim.o
LOAD Drivers/STM32F4xx_HAL_Driver/Src/stm32f4xx_hal_tim_ex.o
LOAD Drivers/STM32F4xx_HAL_Driver/Src/stm32f4xx_hal_uart.o
LOAD Middlewares/Third_Party/FreeRTOS/Source/croutine.o
LOAD Middlewares/Third_Party/FreeRTOS/Source/event_groups.o
LOAD Middlewares/Third_Party/FreeRTOS/Source/list.o
LOAD Middlewares/Third_Party/FreeRTOS/Source/queue.o
LOAD Middlewares/Third_Party/FreeRTOS/Source/stream_buffer.o
LOAD Middlewares/Third_Party/FreeRTOS/Source/tasks.o
LOAD Middlewares/Third_Party/FreeRTOS/Source/timers.o
LOAD Middlewares/Third_Party/FreeRTOS/Source/portable/GCC/ARM_CM4F/port.o
LOAD Middlewares/Third_Party/FreeRTOS/Source/portable/MemMang/heap_4.o
START GROUP
LOAD c:/st/stm32cubeide_1.4.0/stm32cubeide/plugins/com.st.stm32cube.ide.mcu.externaltools.gnu-tools-for-stm32.7-2018-q2-update.win32_1.4.0.202007081208/tools/bin/../lib/gcc/arm-none-eabi/7.3.1/../../../../arm-none-eabi/lib/thumb/v7e-m/fpv4-sp/hard\libc_nano.a
LOAD c:/st/stm32cubeide_1.4.0/stm32cubeide/plugins/com.st.stm32cube.ide.mcu.externaltools.gnu-tools-for-stm32.7-2018-q2-update.win32_1.4.0.202007081208/tools/bin/../lib/gcc/arm-none-eabi/7.3.1/../../../../arm-none-eabi/lib/thumb/v7e-m/fpv4-sp/hard\libm.a
END GROUP
START GROUP
LOAD c:/st/stm32cubeide_1.4.0/stm32cubeide/plugins/com.st.stm32cube.ide.mcu.externaltools.gnu-tools-for-stm32.7-2018-q2-update.win32_1.4.0.202007081208/tools/bin/../lib/gcc/arm-none-eabi/7.3.1/thumb/v7e-m/fpv4-sp/hard\libgcc.a
LOAD c:/st/stm32cubeide_1.4.0/stm32cubeide/plugins/com.st.stm32cube.ide.mcu.externaltools.gnu-tools-for-stm32.7-2018-q2-update.win32_1.4.0.202007081208/tools/bin/../lib/gcc/arm-none-eabi/7.3.1/../../../../arm-none-eabi/lib/thumb/v7e-m/fpv4-sp/hard\libc_nano.a
END GROUP
START GROUP
LOAD c:/st/stm32cubeide_1.4.0/stm32cubeide/plugins/com.st.stm32cube.ide.mcu.externaltools.gnu-tools-for-stm32.7-2018-q2-update.win32_1.4.0.202007081208/tools/bin/../lib/gcc/arm-none-eabi/7.3.1/thumb/v7e-m/fpv4-sp/hard\libgcc.a
LOAD c:/st/stm32cubeide_1.4.0/stm32cubeide/plugins/com.st.stm32cube.ide.mcu.externaltools.gnu-tools-for-stm32.7-2018-q2-update.win32_1.4.0.202007081208/tools/bin/../lib/gcc/arm-none-eabi/7.3.1/../../../../arm-none-eabi/lib/thumb/v7e-m/fpv4-sp/hard\libc_nano.a
LOAD c:/st/stm32cubeide_1.4.0/stm32cubeide/plugins/com.st.stm32cube.ide.mcu.externaltools.gnu-tools-for-stm32.7-2018-q2-update.win32_1.4.0.202007081208/tools/bin/../lib/gcc/arm-none-eabi/7.3.1/../../../../arm-none-eabi/lib/thumb/v7e-m/fpv4-sp/hard\libnosys.a
END GROUP
START GROUP
LOAD c:/st/stm32cubeide_1.4.0/stm32cubeide/plugins/com.st.stm32cube.ide.mcu.externaltools.gnu-tools-for-stm32.7-2018-q2-update.win32_1.4.0.202007081208/tools/bin/../lib/gcc/arm-none-eabi/7.3.1/thumb/v7e-m/fpv4-sp/hard\libgcc.a
LOAD c:/st/stm32cubeide_1.4.0/stm32cubeide/plugins/com.st.stm32cube.ide.mcu.externaltools.gnu-tools-for-stm32.7-2018-q2-update.win32_1.4.0.202007081208/tools/bin/../lib/gcc/arm-none-eabi/7.3.1/../../../../arm-none-eabi/lib/thumb/v7e-m/fpv4-sp/hard\libc_nano.a
LOAD c:/st/stm32cubeide_1.4.0/stm32cubeide/plugins/com.st.stm32cube.ide.mcu.externaltools.gnu-tools-for-stm32.7-2018-q2-update.win32_1.4.0.202007081208/tools/bin/../lib/gcc/arm-none-eabi/7.3.1/../../../../arm-none-eabi/lib/thumb/v7e-m/fpv4-sp/hard\libnosys.a
END GROUP
LOAD c:/st/stm32cubeide_1.4.0/stm32cubeide/plugins/com.st.stm32cube.ide.mcu.externaltools.gnu-tools-for-stm32.7-2018-q2-update.win32_1.4.0.202007081208/tools/bin/../lib/gcc/arm-none-eabi/7.3.1/thumb/v7e-m/fpv4-sp/hard/crtend.o
LOAD c:/st/stm32cubeide_1.4.0/stm32cubeide/plugins/com.st.stm32cube.ide.mcu.externaltools.gnu-tools-for-stm32.7-2018-q2-update.win32_1.4.0.202007081208/tools/bin/../lib/gcc/arm-none-eabi/7.3.1/thumb/v7e-m/fpv4-sp/hard/crtn.o
                0x0000000020050000                _estack = (ORIGIN (RAM) + LENGTH (RAM))
                0x0000000000000200                _Min_Heap_Size = 0x200
                0x0000000000000400                _Min_Stack_Size = 0x400

.isr_vector     0x0000000008000000      0x1d8
                0x0000000008000000                . = ALIGN (0x4)
 *(.isr_vector)
 .isr_vector    0x0000000008000000      0x1d8 Core/Startup/startup_stm32f413zhtx.o
                0x0000000008000000                g_pfnVectors
                0x00000000080001d8                . = ALIGN (0x4)

.text           0x00000000080001e0     0x27c0
                0x00000000080001e0                . = ALIGN (0x4)
 *(.text)
 .text          0x00000000080001e0       0x40 c:/st/stm32cubeide_1.4.0/stm32cubeide/plugins/com.st.stm32cube.ide.mcu.externaltools.gnu-tools-for-stm32.7-2018-q2-update.win32_1.4.0.202007081208/tools/bin/../lib/gcc/arm-none-eabi/7.3.1/thumb/v7e-m/fpv4-sp/hard/crtbegin.o
 .text          0x0000000008000220       0x30 c:/st/stm32cubeide_1.4.0/stm32cubeide/plugins/com.st.stm32cube.ide.mcu.externaltools.gnu-tools-for-stm32.7-2018-q2-update.win32_1.4.0.202007081208/tools/bin/../lib/gcc/arm-none-eabi/7.3.1/thumb/v7e-m/fpv4-sp/hard\libgcc.a(_aeabi_uldivmod.o)
                0x0000000008000220                __aeabi_uldivmod
 .text          0x0000000008000250      0x2cc c:/st/stm32cubeide_1.4.0/stm32cubeide/plugins/com.st.stm32cube.ide.mcu.externaltools.gnu-tools-for-stm32.7-2018-q2-update.win32_1.4.0.202007081208/tools/bin/../lib/gcc/arm-none-eabi/7.3.1/thumb/v7e-m/fpv4-sp/hard\libgcc.a(_udivmoddi4.o)
                0x0000000008000250                __udivmoddi4
 .text          0x000000000800051c        0x4 c:/st/stm32cubeide_1.4.0/stm32cubeide/plugins/com.st.stm32cube.ide.mcu.externaltools.gnu-tools-for-stm32.7-2018-q2-update.win32_1.4.0.202007081208/tools/bin/../lib/gcc/arm-none-eabi/7.3.1/thumb/v7e-m/fpv4-sp/hard\libgcc.a(_dvmd_tls.o)
                0x000000000800051c                __aeabi_idiv0
                0x000000000800051c                __aeabi_ldiv0
 *(.text*)
 .text.UART_Init
                0x0000000008000520      0x14c Core/Inc/UART.o
                0x0000000008000520                UART_Init
 .text.TASK_UARTHandler
                0x000000000800066c       0x40 Core/Inc/UART.o
                0x000000000800066c                TASK_UARTHandler
 .text.DMA2_Stream1_IRQHandler
                0x00000000080006ac        0xc Core/Inc/UART.o
                0x00000000080006ac                DMA2_Stream1_IRQHandler
 .text.DMA2_Stream7_IRQHandler
                0x00000000080006b8        0xc Core/Inc/UART.o
                0x00000000080006b8                DMA2_Stream7_IRQHandler
 .text.USART6_IRQHandler
                0x00000000080006c4        0xc Core/Inc/UART.o
                0x00000000080006c4                USART6_IRQHandler
 .text.TASK_errorHandler
                0x00000000080006d0        0x2 Core/Src/errorHandling.o
                0x00000000080006d0                TASK_errorHandler
 *fill*         0x00000000080006d2        0x2 
 .text.TASK_nucleoRED
                0x00000000080006d4       0x10 Core/Src/errorHandling.o
                0x00000000080006d4                TASK_nucleoRED
 .text.TASK_nucleoBLU
                0x00000000080006e4       0x10 Core/Src/errorHandling.o
                0x00000000080006e4                TASK_nucleoBLU
 .text.errorInit
                0x00000000080006f4       0x40 Core/Src/errorHandling.o
                0x00000000080006f4                errorInit
 .text.vApplicationGetIdleTaskMemory
                0x0000000008000734       0x18 Core/Src/freertos.o
                0x0000000008000734                vApplicationGetIdleTaskMemory
 .text.SystemClock_Config
                0x000000000800074c       0x90 Core/Src/main.o
                0x000000000800074c                SystemClock_Config
 .text.startup.main
                0x00000000080007dc       0x18 Core/Src/main.o
                0x00000000080007dc                main
 .text.HAL_TIM_PeriodElapsedCallback
                0x00000000080007f4       0x14 Core/Src/main.o
                0x00000000080007f4                HAL_TIM_PeriodElapsedCallback
 .text.PRIVATE_UARTHandler
                0x0000000008000808       0x10 Core/Src/rtos.o
 .text.PRIVATE_nucleoBLU
                0x0000000008000818        0xe Core/Src/rtos.o
 .text.PRIVATE_nucleoRED
                0x0000000008000826       0x10 Core/Src/rtos.o
 .text.PRIVATE_errorHandler
                0x0000000008000836       0x10 Core/Src/rtos.o
 *fill*         0x0000000008000846        0x2 
 .text.RTOS_init
                0x0000000008000848       0xcc Core/Src/rtos.o
                0x0000000008000848                RTOS_init
 .text.HAL_MspInit
                0x0000000008000914       0x38 Core/Src/stm32f4xx_hal_msp.o
                0x0000000008000914                HAL_MspInit
 .text.HAL_InitTick
                0x000000000800094c       0x78 Core/Src/stm32f4xx_hal_timebase_tim.o
                0x000000000800094c                HAL_InitTick
 .text.NMI_Handler
                0x00000000080009c4        0x2 Core/Src/stm32f4xx_it.o
                0x00000000080009c4                NMI_Handler
 .text.HardFault_Handler
                0x00000000080009c6        0x2 Core/Src/stm32f4xx_it.o
                0x00000000080009c6                HardFault_Handler
 .text.MemManage_Handler
                0x00000000080009c8        0x2 Core/Src/stm32f4xx_it.o
                0x00000000080009c8                MemManage_Handler
 .text.BusFault_Handler
                0x00000000080009ca        0x2 Core/Src/stm32f4xx_it.o
                0x00000000080009ca                BusFault_Handler
 .text.UsageFault_Handler
                0x00000000080009cc        0x2 Core/Src/stm32f4xx_it.o
                0x00000000080009cc                UsageFault_Handler
 .text.DebugMon_Handler
                0x00000000080009ce        0x2 Core/Src/stm32f4xx_it.o
                0x00000000080009ce                DebugMon_Handler
 .text.TIM1_UP_TIM10_IRQHandler
                0x00000000080009d0        0xc Core/Src/stm32f4xx_it.o
                0x00000000080009d0                TIM1_UP_TIM10_IRQHandler
 .text.SystemInit
                0x00000000080009dc       0x1c Core/Src/system_stm32f4xx.o
                0x00000000080009dc                SystemInit
 .text.Reset_Handler
                0x00000000080009f8       0x50 Core/Startup/startup_stm32f413zhtx.o
                0x00000000080009f8                Reset_Handler
 .text.Default_Handler
                0x0000000008000a48        0x2 Core/Startup/startup_stm32f413zhtx.o
                0x0000000008000a48                RTC_Alarm_IRQHandler
                0x0000000008000a48                EXTI2_IRQHandler
                0x0000000008000a48                TIM8_CC_IRQHandler
                0x0000000008000a48                UART8_IRQHandler
                0x0000000008000a48                FMPI2C1_EV_IRQHandler
                0x0000000008000a48                SPI4_IRQHandler
                0x0000000008000a48                TIM1_CC_IRQHandler
                0x0000000008000a48                DMA2_Stream5_IRQHandler
                0x0000000008000a48                DMA1_Stream5_IRQHandler
                0x0000000008000a48                CAN3_RX1_IRQHandler
                0x0000000008000a48                PVD_IRQHandler
                0x0000000008000a48                SDIO_IRQHandler
                0x0000000008000a48                TAMP_STAMP_IRQHandler
                0x0000000008000a48                CAN2_RX1_IRQHandler
                0x0000000008000a48                EXTI3_IRQHandler
                0x0000000008000a48                TIM8_TRG_COM_TIM14_IRQHandler
                0x0000000008000a48                DFSDM1_FLT1_IRQHandler
                0x0000000008000a48                TIM8_UP_TIM13_IRQHandler
                0x0000000008000a48                I2C3_ER_IRQHandler
                0x0000000008000a48                EXTI0_IRQHandler
                0x0000000008000a48                I2C2_EV_IRQHandler
                0x0000000008000a48                DMA1_Stream2_IRQHandler
                0x0000000008000a48                CAN1_RX0_IRQHandler
                0x0000000008000a48                FPU_IRQHandler
                0x0000000008000a48                CAN3_SCE_IRQHandler
                0x0000000008000a48                CAN2_SCE_IRQHandler
                0x0000000008000a48                DMA2_Stream2_IRQHandler
                0x0000000008000a48                SPI1_IRQHandler
                0x0000000008000a48                TIM6_DAC_IRQHandler
                0x0000000008000a48                TIM1_BRK_TIM9_IRQHandler
                0x0000000008000a48                CAN2_RX0_IRQHandler
                0x0000000008000a48                DMA2_Stream3_IRQHandler
                0x0000000008000a48                CAN3_RX0_IRQHandler
                0x0000000008000a48                USART3_IRQHandler
                0x0000000008000a48                DFSDM2_FLT3_IRQHandler
                0x0000000008000a48                CAN1_RX1_IRQHandler
                0x0000000008000a48                UART5_IRQHandler
                0x0000000008000a48                DMA2_Stream0_IRQHandler
                0x0000000008000a48                TIM4_IRQHandler
                0x0000000008000a48                QUADSPI_IRQHandler
                0x0000000008000a48                I2C1_EV_IRQHandler
                0x0000000008000a48                DMA1_Stream6_IRQHandler
                0x0000000008000a48                DMA1_Stream1_IRQHandler
                0x0000000008000a48                UART4_IRQHandler
                0x0000000008000a48                TIM3_IRQHandler
                0x0000000008000a48                RCC_IRQHandler
                0x0000000008000a48                UART9_IRQHandler
                0x0000000008000a48                TIM8_BRK_TIM12_IRQHandler
                0x0000000008000a48                Default_Handler
                0x0000000008000a48                EXTI15_10_IRQHandler
                0x0000000008000a48                ADC_IRQHandler
                0x0000000008000a48                DMA1_Stream7_IRQHandler
                0x0000000008000a48                DFSDM2_FLT0_IRQHandler
                0x0000000008000a48                SPI5_IRQHandler
                0x0000000008000a48                TIM7_IRQHandler
                0x0000000008000a48                CAN2_TX_IRQHandler
                0x0000000008000a48                TIM5_IRQHandler
                0x0000000008000a48                I2C3_EV_IRQHandler
                0x0000000008000a48                DFSDM2_FLT2_IRQHandler
                0x0000000008000a48                EXTI9_5_IRQHandler
                0x0000000008000a48                RTC_WKUP_IRQHandler
                0x0000000008000a48                SPI2_IRQHandler
                0x0000000008000a48                DMA1_Stream0_IRQHandler
                0x0000000008000a48                CAN1_TX_IRQHandler
                0x0000000008000a48                FMPI2C1_ER_IRQHandler
                0x0000000008000a48                EXTI4_IRQHandler
                0x0000000008000a48                DFSDM2_FLT1_IRQHandler
                0x0000000008000a48                RNG_IRQHandler
                0x0000000008000a48                FSMC_IRQHandler
                0x0000000008000a48                WWDG_IRQHandler
                0x0000000008000a48                CAN3_TX_IRQHandler
                0x0000000008000a48                TIM2_IRQHandler
                0x0000000008000a48                OTG_FS_WKUP_IRQHandler
                0x0000000008000a48                TIM1_TRG_COM_TIM11_IRQHandler
                0x0000000008000a48                EXTI1_IRQHandler
                0x0000000008000a48                UART7_IRQHandler
                0x0000000008000a48                USART2_IRQHandler
                0x0000000008000a48                DFSDM1_FLT0_IRQHandler
                0x0000000008000a48                I2C2_ER_IRQHandler
                0x0000000008000a48                CAN1_SCE_IRQHandler
                0x0000000008000a48                FLASH_IRQHandler
                0x0000000008000a48                DMA2_Stream4_IRQHandler
                0x0000000008000a48                USART1_IRQHandler
                0x0000000008000a48                OTG_FS_IRQHandler
                0x0000000008000a48                SPI3_IRQHandler
                0x0000000008000a48                DMA1_Stream4_IRQHandler
                0x0000000008000a48                I2C1_ER_IRQHandler
                0x0000000008000a48                LPTIM1_IRQHandler
                0x0000000008000a48                DMA2_Stream6_IRQHandler
                0x0000000008000a48                UART10_IRQHandler
                0x0000000008000a48                SAI1_IRQHandler
                0x0000000008000a48                DMA1_Stream3_IRQHandler
 *fill*         0x0000000008000a4a        0x2 
 .text.HAL_Init
                0x0000000008000a4c       0x34 Drivers/STM32F4xx_HAL_Driver/Src/stm32f4xx_hal.o
                0x0000000008000a4c                HAL_Init
 .text.HAL_IncTick
                0x0000000008000a80       0x18 Drivers/STM32F4xx_HAL_Driver/Src/stm32f4xx_hal.o
                0x0000000008000a80                HAL_IncTick
 .text.HAL_GetTick
                0x0000000008000a98        0xc Drivers/STM32F4xx_HAL_Driver/Src/stm32f4xx_hal.o
                0x0000000008000a98                HAL_GetTick
 .text.HAL_NVIC_SetPriorityGrouping
                0x0000000008000aa4       0x24 Drivers/STM32F4xx_HAL_Driver/Src/stm32f4xx_hal_cortex.o
                0x0000000008000aa4                HAL_NVIC_SetPriorityGrouping
 .text.HAL_NVIC_SetPriority
                0x0000000008000ac8       0x68 Drivers/STM32F4xx_HAL_Driver/Src/stm32f4xx_hal_cortex.o
                0x0000000008000ac8                HAL_NVIC_SetPriority
 .text.HAL_NVIC_EnableIRQ
                0x0000000008000b30       0x1c Drivers/STM32F4xx_HAL_Driver/Src/stm32f4xx_hal_cortex.o
                0x0000000008000b30                HAL_NVIC_EnableIRQ
 .text.DMA_CalcBaseAndBitshift
                0x0000000008000b4c       0x2c Drivers/STM32F4xx_HAL_Driver/Src/stm32f4xx_hal_dma.o
 .text.HAL_DMA_Init
                0x0000000008000b78       0xfc Drivers/STM32F4xx_HAL_Driver/Src/stm32f4xx_hal_dma.o
                0x0000000008000b78                HAL_DMA_Init
 .text.HAL_DMA_Start_IT
                0x0000000008000c74       0x74 Drivers/STM32F4xx_HAL_Driver/Src/stm32f4xx_hal_dma.o
                0x0000000008000c74                HAL_DMA_Start_IT
 .text.HAL_DMA_Abort_IT
                0x0000000008000ce8       0x24 Drivers/STM32F4xx_HAL_Driver/Src/stm32f4xx_hal_dma.o
                0x0000000008000ce8                HAL_DMA_Abort_IT
 .text.HAL_DMA_IRQHandler
                0x0000000008000d0c      0x17c Drivers/STM32F4xx_HAL_Driver/Src/stm32f4xx_hal_dma.o
                0x0000000008000d0c                HAL_DMA_IRQHandler
 .text.HAL_GPIO_Init
                0x0000000008000e88      0x1b4 Drivers/STM32F4xx_HAL_Driver/Src/stm32f4xx_hal_gpio.o
                0x0000000008000e88                HAL_GPIO_Init
 .text.HAL_RCC_GetSysClockFreq
                0x000000000800103c       0x5c Drivers/STM32F4xx_HAL_Driver/Src/stm32f4xx_hal_rcc.o
                0x000000000800103c                HAL_RCC_GetSysClockFreq
 .text.HAL_RCC_ClockConfig
                0x0000000008001098      0x134 Drivers/STM32F4xx_HAL_Driver/Src/stm32f4xx_hal_rcc.o
                0x0000000008001098                HAL_RCC_ClockConfig
 .text.HAL_RCC_GetPCLK1Freq
                0x00000000080011cc       0x20 Drivers/STM32F4xx_HAL_Driver/Src/stm32f4xx_hal_rcc.o
                0x00000000080011cc                HAL_RCC_GetPCLK1Freq
 .text.HAL_RCC_GetPCLK2Freq
                0x00000000080011ec       0x20 Drivers/STM32F4xx_HAL_Driver/Src/stm32f4xx_hal_rcc.o
                0x00000000080011ec                HAL_RCC_GetPCLK2Freq
 .text.HAL_RCC_GetClockConfig
                0x000000000800120c       0x3c Drivers/STM32F4xx_HAL_Driver/Src/stm32f4xx_hal_rcc.o
                0x000000000800120c                HAL_RCC_GetClockConfig
 .text.HAL_RCC_OscConfig
                0x0000000008001248      0x308 Drivers/STM32F4xx_HAL_Driver/Src/stm32f4xx_hal_rcc_ex.o
                0x0000000008001248                HAL_RCC_OscConfig
 .text.HAL_TIM_Base_MspInit
                0x0000000008001550        0x2 Drivers/STM32F4xx_HAL_Driver/Src/stm32f4xx_hal_tim.o
                0x0000000008001550                HAL_TIM_Base_MspInit
 .text.HAL_TIM_Base_Start_IT
                0x0000000008001552       0x20 Drivers/STM32F4xx_HAL_Driver/Src/stm32f4xx_hal_tim.o
                0x0000000008001552                HAL_TIM_Base_Start_IT
 .text.HAL_TIM_OC_DelayElapsedCallback
                0x0000000008001572        0x2 Drivers/STM32F4xx_HAL_Driver/Src/stm32f4xx_hal_tim.o
                0x0000000008001572                HAL_TIM_OC_DelayElapsedCallback
 .text.HAL_TIM_IC_CaptureCallback
                0x0000000008001574        0x2 Drivers/STM32F4xx_HAL_Driver/Src/stm32f4xx_hal_tim.o
                0x0000000008001574                HAL_TIM_IC_CaptureCallback
 .text.HAL_TIM_PWM_PulseFinishedCallback
                0x0000000008001576        0x2 Drivers/STM32F4xx_HAL_Driver/Src/stm32f4xx_hal_tim.o
                0x0000000008001576                HAL_TIM_PWM_PulseFinishedCallback
 .text.HAL_TIM_TriggerCallback
                0x0000000008001578        0x2 Drivers/STM32F4xx_HAL_Driver/Src/stm32f4xx_hal_tim.o
                0x0000000008001578                HAL_TIM_TriggerCallback
 .text.HAL_TIM_IRQHandler
                0x000000000800157a      0x144 Drivers/STM32F4xx_HAL_Driver/Src/stm32f4xx_hal_tim.o
                0x000000000800157a                HAL_TIM_IRQHandler
 *fill*         0x00000000080016be        0x2 
 .text.TIM_Base_SetConfig
                0x00000000080016c0       0xcc Drivers/STM32F4xx_HAL_Driver/Src/stm32f4xx_hal_tim.o
                0x00000000080016c0                TIM_Base_SetConfig
 .text.HAL_TIM_Base_Init
                0x000000000800178c       0x34 Drivers/STM32F4xx_HAL_Driver/Src/stm32f4xx_hal_tim.o
                0x000000000800178c                HAL_TIM_Base_Init
 .text.HAL_TIMEx_CommutCallback
                0x00000000080017c0        0x2 Drivers/STM32F4xx_HAL_Driver/Src/stm32f4xx_hal_tim_ex.o
                0x00000000080017c0                HAL_TIMEx_CommutCallback
 .text.HAL_TIMEx_BreakCallback
                0x00000000080017c2        0x2 Drivers/STM32F4xx_HAL_Driver/Src/stm32f4xx_hal_tim_ex.o
                0x00000000080017c2                HAL_TIMEx_BreakCallback
 .text.UART_EndRxTransfer
                0x00000000080017c4       0x1a Drivers/STM32F4xx_HAL_Driver/Src/stm32f4xx_hal_uart.o
 *fill*         0x00000000080017de        0x2 
 .text.UART_SetConfig
                0x00000000080017e0      0x100 Drivers/STM32F4xx_HAL_Driver/Src/stm32f4xx_hal_uart.o
 .text.HAL_UART_MspInit
                0x00000000080018e0        0x2 Drivers/STM32F4xx_HAL_Driver/Src/stm32f4xx_hal_uart.o
                0x00000000080018e0                HAL_UART_MspInit
 .text.HAL_UART_Init
                0x00000000080018e2       0x5c Drivers/STM32F4xx_HAL_Driver/Src/stm32f4xx_hal_uart.o
                0x00000000080018e2                HAL_UART_Init
 *fill*         0x000000000800193e        0x2 
 .text.HAL_UART_Transmit_DMA
                0x0000000008001940       0x74 Drivers/STM32F4xx_HAL_Driver/Src/stm32f4xx_hal_uart.o
                0x0000000008001940                HAL_UART_Transmit_DMA
 .text.HAL_UART_Receive_DMA
                0x00000000080019b4       0x90 Drivers/STM32F4xx_HAL_Driver/Src/stm32f4xx_hal_uart.o
                0x00000000080019b4                HAL_UART_Receive_DMA
 .text.HAL_UART_TxCpltCallback
                0x0000000008001a44        0x2 Drivers/STM32F4xx_HAL_Driver/Src/stm32f4xx_hal_uart.o
                0x0000000008001a44                HAL_UART_TxCpltCallback
 .text.UART_DMATransmitCplt
                0x0000000008001a46       0x2c Drivers/STM32F4xx_HAL_Driver/Src/stm32f4xx_hal_uart.o
 .text.HAL_UART_TxHalfCpltCallback
                0x0000000008001a72        0x2 Drivers/STM32F4xx_HAL_Driver/Src/stm32f4xx_hal_uart.o
                0x0000000008001a72                HAL_UART_TxHalfCpltCallback
 .text.UART_DMATxHalfCplt
                0x0000000008001a74        0xa Drivers/STM32F4xx_HAL_Driver/Src/stm32f4xx_hal_uart.o
 .text.HAL_UART_RxCpltCallback
                0x0000000008001a7e        0x2 Drivers/STM32F4xx_HAL_Driver/Src/stm32f4xx_hal_uart.o
                0x0000000008001a7e                HAL_UART_RxCpltCallback
 .text.UART_DMAReceiveCplt
                0x0000000008001a80       0x38 Drivers/STM32F4xx_HAL_Driver/Src/stm32f4xx_hal_uart.o
 .text.UART_Receive_IT
                0x0000000008001ab8       0x76 Drivers/STM32F4xx_HAL_Driver/Src/stm32f4xx_hal_uart.o
 .text.HAL_UART_RxHalfCpltCallback
                0x0000000008001b2e        0x2 Drivers/STM32F4xx_HAL_Driver/Src/stm32f4xx_hal_uart.o
                0x0000000008001b2e                HAL_UART_RxHalfCpltCallback
 .text.UART_DMARxHalfCplt
                0x0000000008001b30        0xa Drivers/STM32F4xx_HAL_Driver/Src/stm32f4xx_hal_uart.o
 .text.HAL_UART_ErrorCallback
                0x0000000008001b3a        0x2 Drivers/STM32F4xx_HAL_Driver/Src/stm32f4xx_hal_uart.o
                0x0000000008001b3a                HAL_UART_ErrorCallback
 .text.UART_DMAError
                0x0000000008001b3c       0x4e Drivers/STM32F4xx_HAL_Driver/Src/stm32f4xx_hal_uart.o
 *fill*         0x0000000008001b8a        0x2 
 .text.HAL_UART_IRQHandler
                0x0000000008001b8c      0x144 Drivers/STM32F4xx_HAL_Driver/Src/stm32f4xx_hal_uart.o
                0x0000000008001b8c                HAL_UART_IRQHandler
 .text.UART_DMAAbortOnError
                0x0000000008001cd0       0x10 Drivers/STM32F4xx_HAL_Driver/Src/stm32f4xx_hal_uart.o
 .text.vListInitialise
                0x0000000008001ce0       0x16 Middlewares/Third_Party/FreeRTOS/Source/list.o
                0x0000000008001ce0                vListInitialise
 .text.vListInitialiseItem
                0x0000000008001cf6        0x6 Middlewares/Third_Party/FreeRTOS/Source/list.o
                0x0000000008001cf6                vListInitialiseItem
 .text.vListInsertEnd
                0x0000000008001cfc       0x18 Middlewares/Third_Party/FreeRTOS/Source/list.o
                0x0000000008001cfc                vListInsertEnd
 .text.vListInsert
                0x0000000008001d14       0x2e Middlewares/Third_Party/FreeRTOS/Source/list.o
                0x0000000008001d14                vListInsert
 .text.uxListRemove
                0x0000000008001d42       0x22 Middlewares/Third_Party/FreeRTOS/Source/list.o
                0x0000000008001d42                uxListRemove
 .text.prvAddNewTaskToReadyList
                0x0000000008001d64       0xfc Middlewares/Third_Party/FreeRTOS/Source/tasks.o
 .text.prvDeleteTCB
                0x0000000008001e60       0x36 Middlewares/Third_Party/FreeRTOS/Source/tasks.o
 *fill*         0x0000000008001e96        0x2 
 .text.prvIdleTask
                0x0000000008001e98       0x64 Middlewares/Third_Party/FreeRTOS/Source/tasks.o
 .text.prvResetNextTaskUnblockTime
                0x0000000008001efc       0x24 Middlewares/Third_Party/FreeRTOS/Source/tasks.o
 .text.prvInitialiseNewTask.isra.2
                0x0000000008001f20       0x8a Middlewares/Third_Party/FreeRTOS/Source/tasks.o
 *fill*         0x0000000008001faa        0x2 
 .text.prvAddCurrentTaskToDelayedList
                0x0000000008001fac       0x8c Middlewares/Third_Party/FreeRTOS/Source/tasks.o
 .text.xTaskCreateStatic
                0x0000000008002038       0x70 Middlewares/Third_Party/FreeRTOS/Source/tasks.o
                0x0000000008002038                xTaskCreateStatic
 .text.xTaskCreate
                0x00000000080020a8       0x5a Middlewares/Third_Party/FreeRTOS/Source/tasks.o
                0x00000000080020a8                xTaskCreate
 *fill*         0x0000000008002102        0x2 
 .text.vTaskStartScheduler
                0x0000000008002104       0x6c Middlewares/Third_Party/FreeRTOS/Source/tasks.o
                0x0000000008002104                vTaskStartScheduler
 .text.vTaskSuspendAll
                0x0000000008002170       0x10 Middlewares/Third_Party/FreeRTOS/Source/tasks.o
                0x0000000008002170                vTaskSuspendAll
 .text.xTaskIncrementTick
                0x0000000008002180      0x124 Middlewares/Third_Party/FreeRTOS/Source/tasks.o
                0x0000000008002180                xTaskIncrementTick
 .text.xTaskResumeAll
                0x00000000080022a4       0xec Middlewares/Third_Party/FreeRTOS/Source/tasks.o
                0x00000000080022a4                xTaskResumeAll
 .text.vTaskDelay
                0x0000000008002390       0x48 Middlewares/Third_Party/FreeRTOS/Source/tasks.o
                0x0000000008002390                vTaskDelay
 .text.vTaskSwitchContext
                0x00000000080023d8       0x74 Middlewares/Third_Party/FreeRTOS/Source/tasks.o
                0x00000000080023d8                vTaskSwitchContext
 .text.prvTaskExitError
                0x000000000800244c       0x40 Middlewares/Third_Party/FreeRTOS/Source/portable/GCC/ARM_CM4F/port.o
 .text.unlikely.prvPortStartFirstTask
                0x000000000800248c       0x28 Middlewares/Third_Party/FreeRTOS/Source/portable/GCC/ARM_CM4F/port.o
 .text.unlikely.vPortEnableVFP
                0x00000000080024b4       0x14 Middlewares/Third_Party/FreeRTOS/Source/portable/GCC/ARM_CM4F/port.o
 .text.pxPortInitialiseStack
                0x00000000080024c8       0x2c Middlewares/Third_Party/FreeRTOS/Source/portable/GCC/ARM_CM4F/port.o
                0x00000000080024c8                pxPortInitialiseStack
 *fill*         0x00000000080024f4        0xc 
 .text.SVC_Handler
                0x0000000008002500       0x24 Middlewares/Third_Party/FreeRTOS/Source/portable/GCC/ARM_CM4F/port.o
                0x0000000008002500                SVC_Handler
 .text.vPortEnterCritical
                0x0000000008002524       0x44 Middlewares/Third_Party/FreeRTOS/Source/portable/GCC/ARM_CM4F/port.o
                0x0000000008002524                vPortEnterCritical
 .text.vPortExitCritical
                0x0000000008002568       0x28 Middlewares/Third_Party/FreeRTOS/Source/portable/GCC/ARM_CM4F/port.o
                0x0000000008002568                vPortExitCritical
 .text.PendSV_Handler
                0x0000000008002590       0x64 Middlewares/Third_Party/FreeRTOS/Source/portable/GCC/ARM_CM4F/port.o
                0x0000000008002590                PendSV_Handler
 .text.SysTick_Handler
                0x00000000080025f4       0x2c Middlewares/Third_Party/FreeRTOS/Source/portable/GCC/ARM_CM4F/port.o
                0x00000000080025f4                SysTick_Handler
 .text.vPortSetupTimerInterrupt
                0x0000000008002620       0x34 Middlewares/Third_Party/FreeRTOS/Source/portable/GCC/ARM_CM4F/port.o
                0x0000000008002620                vPortSetupTimerInterrupt
 .text.xPortStartScheduler
                0x0000000008002654      0x10c Middlewares/Third_Party/FreeRTOS/Source/portable/GCC/ARM_CM4F/port.o
                0x0000000008002654                xPortStartScheduler
 .text.unlikely.prvInsertBlockIntoFreeList
                0x0000000008002760       0x48 Middlewares/Third_Party/FreeRTOS/Source/portable/MemMang/heap_4.o
 .text.pvPortMalloc
                0x00000000080027a8      0x118 Middlewares/Third_Party/FreeRTOS/Source/portable/MemMang/heap_4.o
                0x00000000080027a8                pvPortMalloc
 .text.vPortFree
                0x00000000080028c0       0x70 Middlewares/Third_Party/FreeRTOS/Source/portable/MemMang/heap_4.o
                0x00000000080028c0                vPortFree
 .text.__libc_init_array
                0x0000000008002930       0x48 c:/st/stm32cubeide_1.4.0/stm32cubeide/plugins/com.st.stm32cube.ide.mcu.externaltools.gnu-tools-for-stm32.7-2018-q2-update.win32_1.4.0.202007081208/tools/bin/../lib/gcc/arm-none-eabi/7.3.1/../../../../arm-none-eabi/lib/thumb/v7e-m/fpv4-sp/hard\libc_nano.a(lib_a-init.o)
                0x0000000008002930                __libc_init_array
 .text.memset   0x0000000008002978       0x10 c:/st/stm32cubeide_1.4.0/stm32cubeide/plugins/com.st.stm32cube.ide.mcu.externaltools.gnu-tools-for-stm32.7-2018-q2-update.win32_1.4.0.202007081208/tools/bin/../lib/gcc/arm-none-eabi/7.3.1/../../../../arm-none-eabi/lib/thumb/v7e-m/fpv4-sp/hard\libc_nano.a(lib_a-memset.o)
                0x0000000008002978                memset
 *(.glue_7)
 .glue_7        0x0000000008002988        0x0 linker stubs
 *(.glue_7t)
 .glue_7t       0x0000000008002988        0x0 linker stubs
 *(.eh_frame)
 .eh_frame      0x0000000008002988        0x0 c:/st/stm32cubeide_1.4.0/stm32cubeide/plugins/com.st.stm32cube.ide.mcu.externaltools.gnu-tools-for-stm32.7-2018-q2-update.win32_1.4.0.202007081208/tools/bin/../lib/gcc/arm-none-eabi/7.3.1/thumb/v7e-m/fpv4-sp/hard/crtbegin.o
 *(.init)
 .init          0x0000000008002988        0x4 c:/st/stm32cubeide_1.4.0/stm32cubeide/plugins/com.st.stm32cube.ide.mcu.externaltools.gnu-tools-for-stm32.7-2018-q2-update.win32_1.4.0.202007081208/tools/bin/../lib/gcc/arm-none-eabi/7.3.1/thumb/v7e-m/fpv4-sp/hard/crti.o
                0x0000000008002988                _init
 .init          0x000000000800298c        0x8 c:/st/stm32cubeide_1.4.0/stm32cubeide/plugins/com.st.stm32cube.ide.mcu.externaltools.gnu-tools-for-stm32.7-2018-q2-update.win32_1.4.0.202007081208/tools/bin/../lib/gcc/arm-none-eabi/7.3.1/thumb/v7e-m/fpv4-sp/hard/crtn.o
 *(.fini)
 .fini          0x0000000008002994        0x4 c:/st/stm32cubeide_1.4.0/stm32cubeide/plugins/com.st.stm32cube.ide.mcu.externaltools.gnu-tools-for-stm32.7-2018-q2-update.win32_1.4.0.202007081208/tools/bin/../lib/gcc/arm-none-eabi/7.3.1/thumb/v7e-m/fpv4-sp/hard/crti.o
                0x0000000008002994                _fini
 .fini          0x0000000008002998        0x8 c:/st/stm32cubeide_1.4.0/stm32cubeide/plugins/com.st.stm32cube.ide.mcu.externaltools.gnu-tools-for-stm32.7-2018-q2-update.win32_1.4.0.202007081208/tools/bin/../lib/gcc/arm-none-eabi/7.3.1/thumb/v7e-m/fpv4-sp/hard/crtn.o
                0x00000000080029a0                . = ALIGN (0x4)
                0x00000000080029a0                _etext = .

.vfp11_veneer   0x00000000080029a0        0x0
 .vfp11_veneer  0x00000000080029a0        0x0 linker stubs

.v4_bx          0x00000000080029a0        0x0
 .v4_bx         0x00000000080029a0        0x0 linker stubs

.iplt           0x00000000080029a0        0x0
 .iplt          0x00000000080029a0        0x0 c:/st/stm32cubeide_1.4.0/stm32cubeide/plugins/com.st.stm32cube.ide.mcu.externaltools.gnu-tools-for-stm32.7-2018-q2-update.win32_1.4.0.202007081208/tools/bin/../lib/gcc/arm-none-eabi/7.3.1/thumb/v7e-m/fpv4-sp/hard/crtbegin.o

.rodata         0x00000000080029a0       0x54
                0x00000000080029a0                . = ALIGN (0x4)
 *(.rodata)
 *(.rodata*)
 .rodata.RTOS_init.str1.1
                0x00000000080029a0       0x2e Core/Src/rtos.o
 .rodata.AHBPrescTable
                0x00000000080029ce       0x10 Core/Src/system_stm32f4xx.o
                0x00000000080029ce                AHBPrescTable
 .rodata.APBPrescTable
                0x00000000080029de        0x8 Core/Src/system_stm32f4xx.o
                0x00000000080029de                APBPrescTable
 .rodata.flagBitshiftOffset.8160
                0x00000000080029e6        0x8 Drivers/STM32F4xx_HAL_Driver/Src/stm32f4xx_hal_dma.o
 .rodata.vTaskStartScheduler.str1.1
                0x00000000080029ee        0x5 Middlewares/Third_Party/FreeRTOS/Source/tasks.o
                0x00000000080029f4                . = ALIGN (0x4)
 *fill*         0x00000000080029f3        0x1 

.ARM.extab      0x00000000080029f4        0x0
                0x00000000080029f4                . = ALIGN (0x4)
 *(.ARM.extab* .gnu.linkonce.armextab.*)
                0x00000000080029f4                . = ALIGN (0x4)

.ARM            0x00000000080029f4        0x8
                0x00000000080029f4                . = ALIGN (0x4)
                0x00000000080029f4                __exidx_start = .
 *(.ARM.exidx*)
 .ARM.exidx     0x00000000080029f4        0x8 c:/st/stm32cubeide_1.4.0/stm32cubeide/plugins/com.st.stm32cube.ide.mcu.externaltools.gnu-tools-for-stm32.7-2018-q2-update.win32_1.4.0.202007081208/tools/bin/../lib/gcc/arm-none-eabi/7.3.1/thumb/v7e-m/fpv4-sp/hard\libgcc.a(_udivmoddi4.o)
                0x00000000080029fc                __exidx_end = .
                0x00000000080029fc                . = ALIGN (0x4)

.rel.dyn        0x00000000080029fc        0x0
 .rel.iplt      0x00000000080029fc        0x0 c:/st/stm32cubeide_1.4.0/stm32cubeide/plugins/com.st.stm32cube.ide.mcu.externaltools.gnu-tools-for-stm32.7-2018-q2-update.win32_1.4.0.202007081208/tools/bin/../lib/gcc/arm-none-eabi/7.3.1/thumb/v7e-m/fpv4-sp/hard/crtbegin.o

.preinit_array  0x00000000080029fc        0x0
                0x00000000080029fc                . = ALIGN (0x4)
                0x00000000080029fc                PROVIDE (__preinit_array_start = .)
 *(.preinit_array*)
                0x00000000080029fc                PROVIDE (__preinit_array_end = .)
                0x00000000080029fc                . = ALIGN (0x4)

.init_array     0x00000000080029fc        0x4
                0x00000000080029fc                . = ALIGN (0x4)
                0x00000000080029fc                PROVIDE (__init_array_start = .)
 *(SORT_BY_NAME(.init_array.*))
 *(.init_array*)
 .init_array    0x00000000080029fc        0x4 c:/st/stm32cubeide_1.4.0/stm32cubeide/plugins/com.st.stm32cube.ide.mcu.externaltools.gnu-tools-for-stm32.7-2018-q2-update.win32_1.4.0.202007081208/tools/bin/../lib/gcc/arm-none-eabi/7.3.1/thumb/v7e-m/fpv4-sp/hard/crtbegin.o
                0x0000000008002a00                PROVIDE (__init_array_end = .)
                0x0000000008002a00                . = ALIGN (0x4)

.fini_array     0x0000000008002a00        0x4
                0x0000000008002a00                . = ALIGN (0x4)
                [!provide]                        PROVIDE (__fini_array_start = .)
 *(SORT_BY_NAME(.fini_array.*))
 *(.fini_array*)
 .fini_array    0x0000000008002a00        0x4 c:/st/stm32cubeide_1.4.0/stm32cubeide/plugins/com.st.stm32cube.ide.mcu.externaltools.gnu-tools-for-stm32.7-2018-q2-update.win32_1.4.0.202007081208/tools/bin/../lib/gcc/arm-none-eabi/7.3.1/thumb/v7e-m/fpv4-sp/hard/crtbegin.o
                [!provide]                        PROVIDE (__fini_array_end = .)
                0x0000000008002a04                . = ALIGN (0x4)
                0x0000000008002a04                _sidata = LOADADDR (.data)

.data           0x0000000020000000       0x10 load address 0x0000000008002a04
                0x0000000020000000                . = ALIGN (0x4)
                0x0000000020000000                _sdata = .
 *(.data)
 *(.data*)
 .data.SystemCoreClock
                0x0000000020000000        0x4 Core/Src/system_stm32f4xx.o
                0x0000000020000000                SystemCoreClock
 .data.uwTickFreq
                0x0000000020000004        0x1 Drivers/STM32F4xx_HAL_Driver/Src/stm32f4xx_hal.o
                0x0000000020000004                uwTickFreq
 *fill*         0x0000000020000005        0x3 
 .data.uwTickPrio
                0x0000000020000008        0x4 Drivers/STM32F4xx_HAL_Driver/Src/stm32f4xx_hal.o
                0x0000000020000008                uwTickPrio
 .data.uxCriticalNesting
                0x000000002000000c        0x4 Middlewares/Third_Party/FreeRTOS/Source/portable/GCC/ARM_CM4F/port.o
                0x0000000020000010                . = ALIGN (0x4)
                0x0000000020000010                _edata = .

.igot.plt       0x0000000020000010        0x0 load address 0x0000000008002a14
 .igot.plt      0x0000000020000010        0x0 c:/st/stm32cubeide_1.4.0/stm32cubeide/plugins/com.st.stm32cube.ide.mcu.externaltools.gnu-tools-for-stm32.7-2018-q2-update.win32_1.4.0.202007081208/tools/bin/../lib/gcc/arm-none-eabi/7.3.1/thumb/v7e-m/fpv4-sp/hard/crtbegin.o
                0x0000000020000010                . = ALIGN (0x4)

.bss            0x0000000020000010     0x4168 load address 0x0000000008002a14
                0x0000000020000010                _sbss = .
                0x0000000020000010                __bss_start__ = _sbss
 *(.bss)
 .bss           0x0000000020000010       0x1c c:/st/stm32cubeide_1.4.0/stm32cubeide/plugins/com.st.stm32cube.ide.mcu.externaltools.gnu-tools-for-stm32.7-2018-q2-update.win32_1.4.0.202007081208/tools/bin/../lib/gcc/arm-none-eabi/7.3.1/thumb/v7e-m/fpv4-sp/hard/crtbegin.o
 *(.bss*)
 .bss.GPIO_InitStructBLU
                0x000000002000002c       0x14 Core/Src/errorHandling.o
 .bss.GPIO_InitStructRED
                0x0000000020000040       0x14 Core/Src/errorHandling.o
 .bss.xIdleStack
                0x0000000020000054      0x200 Core/Src/freertos.o
 .bss.xIdleTaskTCBBuffer
                0x0000000020000254       0x54 Core/Src/freertos.o
 .bss.pxCurrentTCB
                0x00000000200002a8        0x4 Middlewares/Third_Party/FreeRTOS/Source/tasks.o
                0x00000000200002a8                pxCurrentTCB
 .bss.pxDelayedTaskList
                0x00000000200002ac        0x4 Middlewares/Third_Party/FreeRTOS/Source/tasks.o
 .bss.pxOverflowDelayedTaskList
                0x00000000200002b0        0x4 Middlewares/Third_Party/FreeRTOS/Source/tasks.o
 .bss.pxReadyTasksLists
                0x00000000200002b4       0x8c Middlewares/Third_Party/FreeRTOS/Source/tasks.o
 .bss.uxCurrentNumberOfTasks
                0x0000000020000340        0x4 Middlewares/Third_Party/FreeRTOS/Source/tasks.o
 .bss.uxDeletedTasksWaitingCleanUp
                0x0000000020000344        0x4 Middlewares/Third_Party/FreeRTOS/Source/tasks.o
 .bss.uxPendedTicks
                0x0000000020000348        0x4 Middlewares/Third_Party/FreeRTOS/Source/tasks.o
 .bss.uxSchedulerSuspended
                0x000000002000034c        0x4 Middlewares/Third_Party/FreeRTOS/Source/tasks.o
 .bss.uxTaskNumber
                0x0000000020000350        0x4 Middlewares/Third_Party/FreeRTOS/Source/tasks.o
 .bss.uxTopReadyPriority
                0x0000000020000354        0x4 Middlewares/Third_Party/FreeRTOS/Source/tasks.o
 .bss.xDelayedTaskList1
                0x0000000020000358       0x14 Middlewares/Third_Party/FreeRTOS/Source/tasks.o
 .bss.xDelayedTaskList2
                0x000000002000036c       0x14 Middlewares/Third_Party/FreeRTOS/Source/tasks.o
 .bss.xNextTaskUnblockTime
                0x0000000020000380        0x4 Middlewares/Third_Party/FreeRTOS/Source/tasks.o
 .bss.xNumOfOverflows
                0x0000000020000384        0x4 Middlewares/Third_Party/FreeRTOS/Source/tasks.o
 .bss.xPendingReadyList
                0x0000000020000388       0x14 Middlewares/Third_Party/FreeRTOS/Source/tasks.o
 .bss.xSchedulerRunning
                0x000000002000039c        0x4 Middlewares/Third_Party/FreeRTOS/Source/tasks.o
 .bss.xSuspendedTaskList
                0x00000000200003a0       0x14 Middlewares/Third_Party/FreeRTOS/Source/tasks.o
 .bss.xTasksWaitingTermination
                0x00000000200003b4       0x14 Middlewares/Third_Party/FreeRTOS/Source/tasks.o
 .bss.xTickCount
                0x00000000200003c8        0x4 Middlewares/Third_Party/FreeRTOS/Source/tasks.o
 .bss.xYieldPending
                0x00000000200003cc        0x4 Middlewares/Third_Party/FreeRTOS/Source/tasks.o
 .bss.ucMaxSysCallPriority
                0x00000000200003d0        0x1 Middlewares/Third_Party/FreeRTOS/Source/portable/GCC/ARM_CM4F/port.o
 *fill*         0x00000000200003d1        0x3 
 .bss.ulMaxPRIGROUPValue
                0x00000000200003d4        0x4 Middlewares/Third_Party/FreeRTOS/Source/portable/GCC/ARM_CM4F/port.o
 .bss.pxEnd     0x00000000200003d8        0x4 Middlewares/Third_Party/FreeRTOS/Source/portable/MemMang/heap_4.o
 .bss.ucHeap    0x00000000200003dc     0x3c00 Middlewares/Third_Party/FreeRTOS/Source/portable/MemMang/heap_4.o
 .bss.xBlockAllocatedBit
                0x0000000020003fdc        0x4 Middlewares/Third_Party/FreeRTOS/Source/portable/MemMang/heap_4.o
 .bss.xFreeBytesRemaining
                0x0000000020003fe0        0x4 Middlewares/Third_Party/FreeRTOS/Source/portable/MemMang/heap_4.o
 .bss.xMinimumEverFreeBytesRemaining
                0x0000000020003fe4        0x4 Middlewares/Third_Party/FreeRTOS/Source/portable/MemMang/heap_4.o
 .bss.xStart    0x0000000020003fe8        0x8 Middlewares/Third_Party/FreeRTOS/Source/portable/MemMang/heap_4.o
 *(COMMON)
 COMMON         0x0000000020003ff0      0x144 Core/Inc/UART.o
                0x0000000020003ff0                errorMessage
                0x0000000020003ff4                dma_tx
                0x0000000020004054                uart6
                0x0000000020004094                rxBuffer
                0x00000000200040b4                txBuffer
                0x00000000200040d4                dma_rx
 COMMON         0x0000000020004134       0x40 Core/Src/stm32f4xx_hal_timebase_tim.o
                0x0000000020004134                htim1
 COMMON         0x0000000020004174        0x4 Drivers/STM32F4xx_HAL_Driver/Src/stm32f4xx_hal.o
                0x0000000020004174                uwTick
                0x0000000020004178                . = ALIGN (0x4)
                0x0000000020004178                _ebss = .
                0x0000000020004178                __bss_end__ = _ebss

._user_heap_stack
                0x0000000020004178      0x600 load address 0x0000000008002a14
                0x0000000020004178                . = ALIGN (0x8)
                [!provide]                        PROVIDE (end = .)
                0x0000000020004178                PROVIDE (_end = .)
                0x0000000020004378                . = (. + _Min_Heap_Size)
 *fill*         0x0000000020004178      0x200 
                0x0000000020004778                . = (. + _Min_Stack_Size)
 *fill*         0x0000000020004378      0x400 
                0x0000000020004778                . = ALIGN (0x8)

/DISCARD/
 libc.a(*)
 libm.a(*)
 libgcc.a(*)

.ARM.attributes
                0x0000000000000000       0x30
 *(.ARM.attributes)
 .ARM.attributes
                0x0000000000000000       0x22 c:/st/stm32cubeide_1.4.0/stm32cubeide/plugins/com.st.stm32cube.ide.mcu.externaltools.gnu-tools-for-stm32.7-2018-q2-update.win32_1.4.0.202007081208/tools/bin/../lib/gcc/arm-none-eabi/7.3.1/thumb/v7e-m/fpv4-sp/hard/crti.o
 .ARM.attributes
                0x0000000000000022       0x34 c:/st/stm32cubeide_1.4.0/stm32cubeide/plugins/com.st.stm32cube.ide.mcu.externaltools.gnu-tools-for-stm32.7-2018-q2-update.win32_1.4.0.202007081208/tools/bin/../lib/gcc/arm-none-eabi/7.3.1/thumb/v7e-m/fpv4-sp/hard/crtbegin.o
 .ARM.attributes
                0x0000000000000056       0x39 Core/Inc/UART.o
 .ARM.attributes
                0x000000000000008f       0x39 Core/Src/errorHandling.o
 .ARM.attributes
                0x00000000000000c8       0x39 Core/Src/freertos.o
 .ARM.attributes
                0x0000000000000101       0x39 Core/Src/main.o
 .ARM.attributes
                0x000000000000013a       0x39 Core/Src/rtos.o
 .ARM.attributes
                0x0000000000000173       0x39 Core/Src/stm32f4xx_hal_msp.o
 .ARM.attributes
                0x00000000000001ac       0x39 Core/Src/stm32f4xx_hal_timebase_tim.o
 .ARM.attributes
                0x00000000000001e5       0x39 Core/Src/stm32f4xx_it.o
 .ARM.attributes
                0x000000000000021e       0x39 Core/Src/system_stm32f4xx.o
 .ARM.attributes
                0x0000000000000257       0x21 Core/Startup/startup_stm32f413zhtx.o
 .ARM.attributes
                0x0000000000000278       0x39 Drivers/STM32F4xx_HAL_Driver/Src/stm32f4xx_hal.o
 .ARM.attributes
                0x00000000000002b1       0x39 Drivers/STM32F4xx_HAL_Driver/Src/stm32f4xx_hal_cortex.o
 .ARM.attributes
                0x00000000000002ea       0x39 Drivers/STM32F4xx_HAL_Driver/Src/stm32f4xx_hal_dma.o
 .ARM.attributes
                0x0000000000000323       0x39 Drivers/STM32F4xx_HAL_Driver/Src/stm32f4xx_hal_gpio.o
 .ARM.attributes
                0x000000000000035c       0x39 Drivers/STM32F4xx_HAL_Driver/Src/stm32f4xx_hal_rcc.o
 .ARM.attributes
                0x0000000000000395       0x39 Drivers/STM32F4xx_HAL_Driver/Src/stm32f4xx_hal_rcc_ex.o
 .ARM.attributes
                0x00000000000003ce       0x39 Drivers/STM32F4xx_HAL_Driver/Src/stm32f4xx_hal_tim.o
 .ARM.attributes
                0x0000000000000407       0x39 Drivers/STM32F4xx_HAL_Driver/Src/stm32f4xx_hal_tim_ex.o
 .ARM.attributes
                0x0000000000000440       0x39 Drivers/STM32F4xx_HAL_Driver/Src/stm32f4xx_hal_uart.o
 .ARM.attributes
                0x0000000000000479       0x39 Middlewares/Third_Party/FreeRTOS/Source/list.o
 .ARM.attributes
                0x00000000000004b2       0x39 Middlewares/Third_Party/FreeRTOS/Source/tasks.o
 .ARM.attributes
                0x00000000000004eb       0x39 Middlewares/Third_Party/FreeRTOS/Source/portable/GCC/ARM_CM4F/port.o
 .ARM.attributes
                0x0000000000000524       0x39 Middlewares/Third_Party/FreeRTOS/Source/portable/MemMang/heap_4.o
 .ARM.attributes
                0x000000000000055d       0x34 c:/st/stm32cubeide_1.4.0/stm32cubeide/plugins/com.st.stm32cube.ide.mcu.externaltools.gnu-tools-for-stm32.7-2018-q2-update.win32_1.4.0.202007081208/tools/bin/../lib/gcc/arm-none-eabi/7.3.1/../../../../arm-none-eabi/lib/thumb/v7e-m/fpv4-sp/hard\libc_nano.a(lib_a-init.o)
 .ARM.attributes
                0x0000000000000591       0x34 c:/st/stm32cubeide_1.4.0/stm32cubeide/plugins/com.st.stm32cube.ide.mcu.externaltools.gnu-tools-for-stm32.7-2018-q2-update.win32_1.4.0.202007081208/tools/bin/../lib/gcc/arm-none-eabi/7.3.1/../../../../arm-none-eabi/lib/thumb/v7e-m/fpv4-sp/hard\libc_nano.a(lib_a-memset.o)
 .ARM.attributes
                0x00000000000005c5       0x22 c:/st/stm32cubeide_1.4.0/stm32cubeide/plugins/com.st.stm32cube.ide.mcu.externaltools.gnu-tools-for-stm32.7-2018-q2-update.win32_1.4.0.202007081208/tools/bin/../lib/gcc/arm-none-eabi/7.3.1/thumb/v7e-m/fpv4-sp/hard\libgcc.a(_aeabi_uldivmod.o)
 .ARM.attributes
                0x00000000000005e7       0x34 c:/st/stm32cubeide_1.4.0/stm32cubeide/plugins/com.st.stm32cube.ide.mcu.externaltools.gnu-tools-for-stm32.7-2018-q2-update.win32_1.4.0.202007081208/tools/bin/../lib/gcc/arm-none-eabi/7.3.1/thumb/v7e-m/fpv4-sp/hard\libgcc.a(_udivmoddi4.o)
 .ARM.attributes
                0x000000000000061b       0x22 c:/st/stm32cubeide_1.4.0/stm32cubeide/plugins/com.st.stm32cube.ide.mcu.externaltools.gnu-tools-for-stm32.7-2018-q2-update.win32_1.4.0.202007081208/tools/bin/../lib/gcc/arm-none-eabi/7.3.1/thumb/v7e-m/fpv4-sp/hard\libgcc.a(_dvmd_tls.o)
 .ARM.attributes
                0x000000000000063d       0x22 c:/st/stm32cubeide_1.4.0/stm32cubeide/plugins/com.st.stm32cube.ide.mcu.externaltools.gnu-tools-for-stm32.7-2018-q2-update.win32_1.4.0.202007081208/tools/bin/../lib/gcc/arm-none-eabi/7.3.1/thumb/v7e-m/fpv4-sp/hard/crtn.o
OUTPUT(PACboard.elf elf32-littlearm)

.comment        0x0000000000000000       0x7b
 .comment       0x0000000000000000       0x7b Core/Inc/UART.o
                                         0x7c (size before relaxing)
 .comment       0x000000000000007b       0x7c Core/Src/errorHandling.o
 .comment       0x000000000000007b       0x7c Core/Src/freertos.o
 .comment       0x000000000000007b       0x7c Core/Src/main.o
 .comment       0x000000000000007b       0x7c Core/Src/rtos.o
 .comment       0x000000000000007b       0x7c Core/Src/stm32f4xx_hal_msp.o
 .comment       0x000000000000007b       0x7c Core/Src/stm32f4xx_hal_timebase_tim.o
 .comment       0x000000000000007b       0x7c Core/Src/stm32f4xx_it.o
 .comment       0x000000000000007b       0x7c Core/Src/system_stm32f4xx.o
 .comment       0x000000000000007b       0x7c Drivers/STM32F4xx_HAL_Driver/Src/stm32f4xx_hal.o
 .comment       0x000000000000007b       0x7c Drivers/STM32F4xx_HAL_Driver/Src/stm32f4xx_hal_cortex.o
 .comment       0x000000000000007b       0x7c Drivers/STM32F4xx_HAL_Driver/Src/stm32f4xx_hal_dma.o
 .comment       0x000000000000007b       0x7c Drivers/STM32F4xx_HAL_Driver/Src/stm32f4xx_hal_gpio.o
 .comment       0x000000000000007b       0x7c Drivers/STM32F4xx_HAL_Driver/Src/stm32f4xx_hal_rcc.o
 .comment       0x000000000000007b       0x7c Drivers/STM32F4xx_HAL_Driver/Src/stm32f4xx_hal_rcc_ex.o
 .comment       0x000000000000007b       0x7c Drivers/STM32F4xx_HAL_Driver/Src/stm32f4xx_hal_tim.o
 .comment       0x000000000000007b       0x7c Drivers/STM32F4xx_HAL_Driver/Src/stm32f4xx_hal_tim_ex.o
 .comment       0x000000000000007b       0x7c Drivers/STM32F4xx_HAL_Driver/Src/stm32f4xx_hal_uart.o
 .comment       0x000000000000007b       0x7c Middlewares/Third_Party/FreeRTOS/Source/list.o
 .comment       0x000000000000007b       0x7c Middlewares/Third_Party/FreeRTOS/Source/tasks.o
 .comment       0x000000000000007b       0x7c Middlewares/Third_Party/FreeRTOS/Source/portable/GCC/ARM_CM4F/port.o
 .comment       0x000000000000007b       0x7c Middlewares/Third_Party/FreeRTOS/Source/portable/MemMang/heap_4.o

.debug_frame    0x0000000000000000       0xac
 .debug_frame   0x0000000000000000       0x2c c:/st/stm32cubeide_1.4.0/stm32cubeide/plugins/com.st.stm32cube.ide.mcu.externaltools.gnu-tools-for-stm32.7-2018-q2-update.win32_1.4.0.202007081208/tools/bin/../lib/gcc/arm-none-eabi/7.3.1/../../../../arm-none-eabi/lib/thumb/v7e-m/fpv4-sp/hard\libc_nano.a(lib_a-init.o)
 .debug_frame   0x000000000000002c       0x20 c:/st/stm32cubeide_1.4.0/stm32cubeide/plugins/com.st.stm32cube.ide.mcu.externaltools.gnu-tools-for-stm32.7-2018-q2-update.win32_1.4.0.202007081208/tools/bin/../lib/gcc/arm-none-eabi/7.3.1/../../../../arm-none-eabi/lib/thumb/v7e-m/fpv4-sp/hard\libc_nano.a(lib_a-memset.o)
 .debug_frame   0x000000000000004c       0x2c c:/st/stm32cubeide_1.4.0/stm32cubeide/plugins/com.st.stm32cube.ide.mcu.externaltools.gnu-tools-for-stm32.7-2018-q2-update.win32_1.4.0.202007081208/tools/bin/../lib/gcc/arm-none-eabi/7.3.1/thumb/v7e-m/fpv4-sp/hard\libgcc.a(_aeabi_uldivmod.o)
 .debug_frame   0x0000000000000078       0x34 c:/st/stm32cubeide_1.4.0/stm32cubeide/plugins/com.st.stm32cube.ide.mcu.externaltools.gnu-tools-for-stm32.7-2018-q2-update.win32_1.4.0.202007081208/tools/bin/../lib/gcc/arm-none-eabi/7.3.1/thumb/v7e-m/fpv4-sp/hard\libgcc.a(_udivmoddi4.o)
